{"t":"2026-09-14T18:43:14.365Z","path":"/nav","step":"verify","ok":true}
{"t":"2026-09-14T18:43:14.479Z","path":"/footer","step":"verify","ok":true}
{"t":"2026-09-14T18:43:19.397Z","path":"/nb/bank/privat/lan/boliglan","step":"preview","status":409,"text":"error from content-bus"}
{"t":"2026-09-14T18:51:59.158Z","path":"/nb/bank/privat/lan/boliglan","step":"verify","ok":true}
{"t":"2026-09-14T19:14:26.762Z","path":"/nb/bank/privat/lan/boliglan","step":"verify","ok":true}
{"t":"2026-09-14T20:09:20.385Z","path":"/nb/bank/bedrift/kundeservice/bank-regnskap/administrere-prisavtaler","step":"verify","ok":true}
{"t":"2026-09-14T20:09:20.558Z","path":"/nav-bedrift","step":"verify","ok":true}
{"t":"2026-09-14T20:09:20.572Z","path":"/footer-bedrift","step":"verify","ok":true}
{"t":"2026-09-14T20:09:25.092Z","path":"/nb/bank/bedrift/kundeservice/bedriftsforsikring/fg-godkjent-sprinkleranlegg","step":"verify","ok":true}
{"t":"2026-09-14T20:09:25.238Z","path":"/nb/bank/bedrift/kundeservice/bedriftsforsikring/begunstigelse","step":"verify","ok":true}
{"t":"2026-09-14T20:09:25.428Z","path":"/nb/bank/bedrift/kundeservice/bank-regnskap/aktivere-ehf","step":"verify","ok":true}
{"t":"2026-09-14T20:09:29.186Z","path":"/nb/bank/bedrift/kundeservice/bm-andre-sporsmal/hvordan-blir-jeg-bedriftskunde","step":"verify","ok":true}
{"t":"2026-09-14T20:09:29.570Z","path":"/nb/bank/bedrift/kundeservice/bm-andre-sporsmal/hvordan-flytte-avtalegiro-efaktura-ehf","step":"verify","ok":true}
{"t":"2026-09-14T20:09:30.015Z","path":"/nb/bank/bedrift/kundeservice/bm-kort-betaling/hva-er-bankaxept","step":"verify","ok":true}
{"t":"2026-09-14T20:09:33.709Z","path":"/nb/bank/bedrift/kundeservice/bm-kort-betaling/hva-er-bankkode","step":"verify","ok":true}
{"t":"2026-09-14T20:09:33.930Z","path":"/nb/bank/bedrift/kundeservice/bm-lan-finansiering/fast-flytende-rente-bedriftslan","step":"verify","ok":true}
{"t":"2026-09-14T20:09:34.027Z","path":"/nb/bank/bedrift/kundeservice/bm-lan-finansiering/kan-jeg-lease-uten-innskudd","step":"verify","ok":true}
{"t":"2026-09-14T20:09:37.917Z","path":"/nb/bank/bedrift/kundeservice/bm-nettbank-bedrift/Endre-kasserer-i-nettbank-bedrift","step":"verify","ok":false,"why":"plain.html 404"}
{"t":"2026-09-14T20:09:38.093Z","path":"/nb/bank/bedrift/kundeservice/bm-nettbank-bedrift/hvordan-sende-efaktura","step":"verify","ok":true}
{"t":"2026-09-14T20:09:39.565Z","path":"/nb/bank/privat/forsikring/meld-skade","step":"verify","ok":true}
{"t":"2026-09-14T20:09:43.672Z","path":"/nb/bank/privat/kundeservice/bestill/prisliste","step":"verify","ok":true}
{"t":"2026-09-14T20:09:43.761Z","path":"/nb/bank/privat/kundeservice/kontakt","step":"verify","ok":true}
{"t":"2026-09-14T20:09:45.166Z","path":"/nb/bank/privat/kundeservice/verktoy/iban-og-swift","step":"verify","ok":true}
{"t":"2026-09-14T20:09:48.112Z","path":"/nb/bank/privat/kundeservice/verktoy/klager","step":"verify","ok":true}
{"t":"2026-09-14T20:09:48.932Z","path":"/nb/bank/privat/kundeservice/verktoy/sparekalkulator","step":"verify","ok":true}
{"t":"2026-09-14T20:09:50.725Z","path":"/nb/bank/privat/kundeservice/verktoy/sperre-kort","step":"verify","ok":true}
{"t":"2026-09-14T20:09:52.673Z","path":"/nb/bank/privat/kundeservice/verktoy/valutakalkulator","step":"verify","ok":true}
{"t":"2026-09-14T20:19:48.816Z","path":"/nb/bank/privat/kundeservice/verktoy/sperre-kort","step":"verify","ok":true}
{"t":"2026-09-14T20:19:49.243Z","path":"/nb/bank/privat/kundeservice/kontakt","step":"verify","ok":true}
{"t":"2026-09-14T20:21:35.813Z","path":"/nb/bank/privat/kundeservice/kontakt","step":"verify","ok":true}
{"t":"2026-09-14T20:21:35.857Z","path":"/nb/bank/privat/kundeservice/verktoy/sperre-kort","step":"verify","ok":true}
{"t":"2026-09-14T20:29:58.670Z","path":"/nb/bank/privat/kundeservice/kontakt","step":"verify","ok":true}
{"t":"2026-09-14T20:31:50.705Z","path":"/footer-bedrift","step":"verify","ok":true}
{"t":"2026-09-14T20:31:50.724Z","path":"/footer-2","step":"verify","ok":true}
{"t":"2026-09-14T20:38:58.636Z","path":"/footer-frontend-om-oss-2","step":"verify","ok":true}
{"t":"2026-09-14T20:38:58.959Z","path":"/footer-bedrift","step":"verify","ok":true}
{"t":"2026-09-14T20:38:59.147Z","path":"/footer-2","step":"verify","ok":true}
{"t":"2026-09-14T20:39:02.987Z","path":"/footer-frontend-om-oss","step":"verify","ok":true}
{"t":"2026-09-14T20:39:03.209Z","path":"/footer-om-oss","step":"verify","ok":true}
{"t":"2026-09-14T20:39:04.448Z","path":"/footer","step":"verify","ok":true}
{"t":"2026-09-14T20:39:07.868Z","path":"/nav-bedrift","step":"verify","ok":true}
{"t":"2026-09-14T20:39:08.553Z","path":"/nav-frontend-om-oss-2","step":"verify","ok":true}
{"t":"2026-09-14T20:39:09.449Z","path":"/nav-frontend-om-oss","step":"verify","ok":true}
{"t":"2026-09-14T20:39:12.203Z","path":"/nav-om-oss-2","step":"verify","ok":true}
{"t":"2026-09-14T20:39:12.804Z","path":"/nav-om-oss","step":"verify","ok":true}
{"t":"2026-09-14T20:39:15.268Z","path":"/nav","step":"verify","ok":true}
{"t":"2026-09-14T20:39:17.297Z","path":"/nb/bank/bedrift/bedriftskort","step":"verify","ok":true}
{"t":"2026-09-14T20:39:19.060Z","path":"/nb/bank/bedrift/betaling","step":"verify","ok":true}
{"t":"2026-09-14T20:39:20.959Z","path":"/nb/bank/bedrift/daglig-drift","step":"verify","ok":true}
{"t":"2026-09-14T20:39:21.962Z","path":"/nb/bank/bedrift/konto","step":"verify","ok":true}
{"t":"2026-09-14T20:39:23.512Z","path":"/nb/bank/bedrift/kundeservice/bank-regnskap/administrere-prisavtaler","step":"verify","ok":true}
{"t":"2026-09-14T20:39:25.861Z","path":"/nb/bank/bedrift/kundeservice/bank-regnskap/aktivere-ehf","step":"verify","ok":true}
{"t":"2026-09-14T20:39:26.582Z","path":"/nb/bank/bedrift/kundeservice/bedriftsforsikring/begunstigelse","step":"verify","ok":true}
{"t":"2026-09-14T20:39:27.956Z","path":"/nb/bank/bedrift/kundeservice/bedriftsforsikring/fg-godkjent-sprinkleranlegg","step":"verify","ok":true}
{"t":"2026-09-14T20:39:30.597Z","path":"/nb/bank/bedrift/kundeservice/bm-andre-sporsmal/hvordan-blir-jeg-bedriftskunde","step":"verify","ok":true}
{"t":"2026-09-14T20:39:31.019Z","path":"/nb/bank/bedrift/kundeservice/bm-andre-sporsmal/hvordan-flytte-avtalegiro-efaktura-ehf","step":"verify","ok":true}
{"t":"2026-09-14T20:39:32.478Z","path":"/nb/bank/bedrift/kundeservice/bm-kort-betaling/hva-er-bankaxept","step":"verify","ok":true}
{"t":"2026-09-14T20:39:35.782Z","path":"/nb/bank/bedrift/kundeservice/bm-kort-betaling/hva-er-bankkode","step":"verify","ok":true}
{"t":"2026-09-14T20:39:35.990Z","path":"/nb/bank/bedrift/kundeservice/bm-lan-finansiering/fast-flytende-rente-bedriftslan","step":"verify","ok":true}
{"t":"2026-09-14T20:39:37.299Z","path":"/nb/bank/bedrift/kundeservice/bm-lan-finansiering/kan-jeg-lease-uten-innskudd","step":"verify","ok":true}
{"t":"2026-09-14T20:39:40.127Z","path":"/nb/bank/bedrift/kundeservice/bm-nettbank-bedrift/endre-kasserer-i-nettbank-bedrift","step":"verify","ok":true}
{"t":"2026-09-14T20:39:40.812Z","path":"/nb/bank/bedrift/kundeservice/bm-nettbank-bedrift/hvordan-sende-efaktura","step":"verify","ok":true}
{"t":"2026-09-14T20:39:43.440Z","path":"/nb/bank/bedrift/kundeservice","step":"verify","ok":true}
{"t":"2026-09-14T20:39:45.731Z","path":"/nb/bank/bedrift/lan-finansiering","step":"verify","ok":false,"why":"about:error in delivered html"}
{"t":"2026-09-14T20:39:46.976Z","path":"/nb/bank/bedrift/pensjon","step":"verify","ok":true}
{"t":"2026-09-14T20:39:48.710Z","path":"/nb/bank/bedrift/regnskap","step":"verify","ok":false,"why":"about:error in delivered html"}
{"t":"2026-09-14T20:39:51.049Z","path":"/nb/bank/bedrift/sparing-investering","step":"verify","ok":true}
{"t":"2026-09-14T20:39:53.043Z","path":"/nb/bank/bedrift/starte-bedrift","step":"verify","ok":true}
{"t":"2026-09-14T20:39:54.738Z","path":"/nb/bank/bedrift/tips-og-rad","step":"verify","ok":true}
{"t":"2026-09-14T20:39:57.403Z","path":"/nb/bank/bedrift","step":"verify","ok":true}
{"t":"2026-09-14T20:39:58.793Z","path":"/nb/bank/om-oss","step":"verify","ok":true}
{"t":"2026-09-14T20:40:00.960Z","path":"/nb/bank/privat/daglig-bruk","step":"verify","ok":true}
{"t":"2026-09-14T20:40:04.277Z","path":"/nb/bank/privat/eiendom","step":"verify","ok":true}
{"t":"2026-09-14T20:40:04.978Z","path":"/nb/bank/privat/forsikring/meld-skade","step":"verify","ok":true}
{"t":"2026-09-14T20:40:09.222Z","path":"/nb/bank/privat/forsikring","step":"verify","ok":true}
{"t":"2026-09-14T20:40:09.329Z","path":"/nb/bank/privat/kundeservice/bestill/prisliste","step":"verify","ok":true}
{"t":"2026-09-14T20:40:10.390Z","path":"/nb/bank/privat/kundeservice/kontakt","step":"verify","ok":true}
{"t":"2026-09-14T20:40:14.525Z","path":"/nb/bank/privat/kundeservice/verktoy/iban-og-swift","step":"verify","ok":true}
{"t":"2026-09-14T20:40:14.564Z","path":"/nb/bank/privat/kundeservice/verktoy/klager","step":"verify","ok":true}
{"t":"2026-09-14T20:40:15.574Z","path":"/nb/bank/privat/kundeservice/verktoy/sparekalkulator","step":"verify","ok":true}
{"t":"2026-09-14T20:40:19.493Z","path":"/nb/bank/privat/kundeservice/verktoy/valutakalkulator","step":"verify","ok":true}
{"t":"2026-09-14T20:40:20.249Z","path":"/nb/bank/privat/kundeservice/verktoy/sperre-kort","step":"verify","ok":true}
{"t":"2026-09-14T20:40:21.695Z","path":"/nb/bank/privat/kundeservice","step":"verify","ok":true}
{"t":"2026-09-14T20:40:26.386Z","path":"/nb/bank/privat/lan","step":"verify","ok":true}
{"t":"2026-09-14T20:40:26.841Z","path":"/nb/bank/privat/lan/boliglan","step":"verify","ok":true}
{"t":"2026-09-14T20:40:27.338Z","path":"/nb/bank/privat/lofavor","step":"verify","ok":true}
{"t":"2026-09-14T20:40:33.505Z","path":"/nb/bank/privat/private-banking","step":"verify","ok":false,"why":"about:error in delivered html"}
{"t":"2026-09-14T20:40:33.550Z","path":"/nb/bank/privat/sparing","step":"verify","ok":true}
{"t":"2026-09-14T20:40:34.263Z","path":"/nb/bank/privat/pensjon","step":"verify","ok":true}
{"t":"2026-09-14T20:40:38.416Z","path":"/nb/bank/privat/tips-og-rad","step":"verify","ok":true}
{"t":"2026-09-14T20:40:38.595Z","path":"/nb/bank/privat/svindel","step":"verify","ok":true}
{"t":"2026-09-14T20:40:40.929Z","path":"/nb/bank/privat","step":"verify","ok":true}
{"t":"2026-09-14T20:42:45.713Z","path":"/nb/bank/privat/private-banking","step":"verify","ok":true}
{"t":"2026-09-14T20:42:45.760Z","path":"/nb/bank/bedrift/lan-finansiering","step":"verify","ok":true}
{"t":"2026-09-14T20:42:45.763Z","path":"/nb/bank/bedrift/regnskap","step":"verify","ok":true}
{"t":"2026-09-14T20:53:38.211Z","path":"/footer-bedrift","step":"verify","ok":true}
{"t":"2026-09-14T20:53:38.299Z","path":"/footer-2","step":"verify","ok":true}
{"t":"2026-09-14T20:56:59.344Z","path":"/nb/bank/bedrift/bedriftskort","step":"verify","ok":true}
{"t":"2026-09-14T20:56:59.430Z","path":"/nb/bank/bedrift/daglig-drift","step":"verify","ok":true}
{"t":"2026-09-14T20:56:59.565Z","path":"/nb/bank/bedrift/betaling","step":"verify","ok":true}
{"t":"2026-09-14T20:57:04.365Z","path":"/nb/bank/bedrift/konto","step":"verify","ok":true}
{"t":"2026-09-14T20:57:04.974Z","path":"/nb/bank/bedrift/lan-finansiering","step":"verify","ok":true}
{"t":"2026-09-14T20:57:06.464Z","path":"/nb/bank/bedrift/kundeservice","step":"verify","ok":true}
{"t":"2026-09-14T20:57:10.960Z","path":"/nb/bank/bedrift/regnskap","step":"verify","ok":true}
{"t":"2026-09-14T20:57:10.976Z","path":"/nb/bank/bedrift/pensjon","step":"verify","ok":true}
{"t":"2026-09-14T20:57:12.264Z","path":"/nb/bank/bedrift/sparing-investering","step":"verify","ok":true}
{"t":"2026-09-14T20:57:15.652Z","path":"/nb/bank/bedrift/tips-og-rad","step":"verify","ok":true}
{"t":"2026-09-14T20:57:16.014Z","path":"/nb/bank/bedrift/starte-bedrift","step":"verify","ok":true}
{"t":"2026-09-14T20:57:18.174Z","path":"/nb/bank/bedrift","step":"verify","ok":true}
{"t":"2026-09-14T20:57:20.981Z","path":"/nb/bank/om-oss","step":"verify","ok":true}
{"t":"2026-09-14T20:57:21.096Z","path":"/nb/bank/privat/daglig-bruk","step":"verify","ok":true}
{"t":"2026-09-14T20:57:22.499Z","path":"/nb/bank/privat/eiendom","step":"verify","ok":true}
{"t":"2026-09-14T20:57:26.564Z","path":"/nb/bank/privat/kundeservice","step":"verify","ok":true}
{"t":"2026-09-14T20:57:27.749Z","path":"/nb/bank/privat/forsikring","step":"verify","ok":true}
{"t":"2026-09-14T20:57:28.781Z","path":"/nb/bank/privat/lan","step":"verify","ok":true}
{"t":"2026-09-14T20:57:33.360Z","path":"/nb/bank/privat/lofavor","step":"verify","ok":true}
{"t":"2026-09-14T20:57:33.899Z","path":"/nb/bank/privat/pensjon","step":"verify","ok":true}
{"t":"2026-09-14T20:57:34.164Z","path":"/nb/bank/privat/private-banking","step":"verify","ok":true}
{"t":"2026-09-14T20:57:38.963Z","path":"/nb/bank/privat/svindel","step":"verify","ok":true}
{"t":"2026-09-14T20:57:39.023Z","path":"/nb/bank/privat/sparing","step":"verify","ok":true}
{"t":"2026-09-14T20:57:39.158Z","path":"/nb/bank/privat/tips-og-rad","step":"verify","ok":true}
{"t":"2026-09-14T20:57:44.891Z","path":"/nb/bank/privat","step":"verify","ok":true}
{"t":"2026-09-14T21:14:29.023Z","path":"/footer-frontend-om-oss-2","step":"verify","ok":true}
{"t":"2026-09-14T21:14:29.511Z","path":"/footer-2","step":"verify","ok":true}
{"t":"2026-09-14T21:14:29.890Z","path":"/footer-bedrift","step":"verify","ok":true}
{"t":"2026-09-14T21:14:33.526Z","path":"/footer-frontend-om-oss","step":"verify","ok":true}
{"t":"2026-09-14T21:14:34.090Z","path":"/footer-om-oss","step":"verify","ok":true}
{"t":"2026-09-14T21:14:35.566Z","path":"/footer","step":"verify","ok":true}
{"t":"2026-09-14T21:14:38.563Z","path":"/nav-bedrift","step":"verify","ok":true}
{"t":"2026-09-14T21:14:39.103Z","path":"/nav-frontend-om-oss-2","step":"verify","ok":true}
{"t":"2026-09-14T21:14:40.768Z","path":"/nav-frontend-om-oss","step":"verify","ok":true}
{"t":"2026-09-14T21:14:43.571Z","path":"/nav-om-oss","step":"verify","ok":true}
{"t":"2026-09-14T21:14:43.702Z","path":"/nav-om-oss-2","step":"verify","ok":true}
{"t":"2026-09-14T21:14:45.449Z","path":"/nb/bank/om-oss/nyheter/5-lommebokvennlige-tips-til-juleshoppingen-","step":"preview","status":404,"text":""}
{"t":"2026-09-14T21:14:45.651Z","path":"/nav","step":"verify","ok":true}
{"t":"2026-09-14T21:14:47.100Z","path":"/nb/bank/om-oss/nyheter/advarer-mot-ny-svindelbolge----eldre-og-enslige-kvinner-saerlig-","step":"preview","status":404,"text":""}
{"t":"2026-09-14T21:14:51.728Z","path":"/nb/bank/om-oss/hjemme","step":"verify","ok":true}
{"t":"2026-09-14T21:14:51.972Z","path":"/nb/bank/om-oss/nyheter/bamses-historie-traktorulykken","step":"verify","ok":true}
{"t":"2026-09-14T21:14:52.046Z","path":"/nb/bank/om-oss/nyheter/bank-regnskap-nerderiket","step":"verify","ok":true}
{"t":"2026-09-14T21:14:53.640Z","path":"/nb/bank/om-oss/nyheter/bruk_mobilbanken_fa_kontroll_pa_okonomien","step":"preview","status":404,"text":""}
{"t":"2026-09-14T21:14:58.147Z","path":"/nb/bank/om-oss/nyheter/bankkort-laget-av-resirkulert-plast","step":"verify","ok":true}
{"t":"2026-09-14T21:14:58.185Z","path":"/nb/bank/privat/forsikring/kundehistorier/sikrer-seg-mot-vannlekkasje-klok-av-skade","step":"verify","ok":false,"why":"about:error in delivered html"}
{"t":"2026-09-14T21:14:59.436Z","path":"/nb/bank/om-oss/nyheter","step":"verify","ok":true}
{"t":"2026-09-14T21:15:04.216Z","path":"/nb/bank/privat/pensjon/hva-far-jeg-i-pensjon","step":"verify","ok":true}
{"t":"2026-09-14T21:15:04.357Z","path":"/nb/bank/privat/sparing/markedsnytt/artikler/gar-du-glipp-av-millioner-i-pensjon","step":"verify","ok":true}
{"t":"2026-09-14T21:15:05.372Z","path":"/nb/bank/privat/sparing/markedsnytt/artikler/kan-utviklingen-til-teknologifondene-fortsette-videre-i-samme-tempo","step":"verify","ok":true}
{"t":"2026-09-14T21:21:52.953Z","path":"/nb/bank/om-oss/nyheter/5-lommebokvennlige-tips-til-juleshoppingen","step":"verify","ok":true}
{"t":"2026-09-14T21:21:56.710Z","path":"/nb/bank/om-oss/nyheter/advarer-mot-ny-svindelbolge-eldre-og-enslige-kvinner-saerlig","step":"verify","ok":true}
{"t":"2026-09-14T21:21:58.951Z","path":"/nb/bank/om-oss/nyheter/bruk-mobilbanken-fa-kontroll-pa-okonomien","step":"verify","ok":true}
{"t":"2026-09-14T21:23:32.964Z","path":"/nb/bank/privat/forsikring/kundehistorier/sikrer-seg-mot-vannlekkasje-klok-av-skade","step":"verify","ok":true}
{"t":"2026-09-14T21:27:57.161Z","path":"/nb/bank/bedrift/konto/bedriftskonto","step":"verify","ok":true}
{"t":"2026-09-14T21:27:57.497Z","path":"/nb/bank/bedrift/bedriftskort/kredittkort","step":"verify","ok":true}
{"t":"2026-09-14T21:27:57.871Z","path":"/nb/bank/bedrift/betaling/utenlandsbetaling","step":"verify","ok":true}
{"t":"2026-09-14T21:28:02.860Z","path":"/nb/bank/bedrift/lan-finansiering/kassekreditt","step":"verify","ok":true}
{"t":"2026-09-14T21:28:03.386Z","path":"/nb/bank/bedrift/lan-finansiering/bedriftslan","step":"verify","ok":true}
{"t":"2026-09-14T21:28:03.764Z","path":"/nb/bank/bedrift/lan-finansiering/leasing","step":"verify","ok":true}
{"t":"2026-09-14T21:28:09.248Z","path":"/nb/bank/bedrift/starte-bedrift/selskapsform/as-eller-enk","step":"verify","ok":true}
{"t":"2026-09-14T21:28:09.304Z","path":"/nb/bank/bedrift/open-api","step":"verify","ok":true}
{"t":"2026-09-14T21:28:09.340Z","path":"/nb/bank/om-oss/vare-eksperter","step":"verify","ok":true}
{"t":"2026-09-14T21:28:15.473Z","path":"/nb/bank/privat/daglig-bruk/bankid","step":"verify","ok":true}
{"t":"2026-09-14T21:28:15.739Z","path":"/nb/bank/privat/daglig-bruk/bankkonto","step":"verify","ok":true}
{"t":"2026-09-14T21:28:16.370Z","path":"/nb/bank/privat/daglig-bruk/bankkort","step":"verify","ok":true}
{"t":"2026-09-14T21:28:22.674Z","path":"/nb/bank/privat/daglig-bruk/mobilbank","step":"verify","ok":true}
{"t":"2026-09-14T21:28:23.119Z","path":"/nb/bank/privat/daglig-bruk/kredittkort","step":"verify","ok":true}
{"t":"2026-09-14T21:28:23.733Z","path":"/nb/bank/privat/forsikring/barneforsikring","step":"verify","ok":true}
{"t":"2026-09-14T21:28:28.978Z","path":"/nb/bank/privat/forsikring/kundehistorier","step":"verify","ok":true}
{"t":"2026-09-14T21:28:30.655Z","path":"/nb/bank/privat/forsikring/bilforsikring","step":"verify","ok":true}
{"t":"2026-09-14T21:28:30.810Z","path":"/nb/bank/privat/forsikring/innboforsikring","step":"verify","ok":true}
{"t":"2026-09-14T21:28:35.688Z","path":"/nb/bank/privat/kundeservice/bestill/bli-kunde","step":"verify","ok":true}
{"t":"2026-09-14T21:28:36.830Z","path":"/nb/bank/privat/forsikring/reiseforsikring","step":"verify","ok":true}
{"t":"2026-09-14T21:28:37.741Z","path":"/nb/bank/privat/lan/billan","step":"verify","ok":true}
{"t":"2026-09-14T21:28:41.559Z","path":"/nb/bank/privat/lan/gronne-lan","step":"verify","ok":true}
{"t":"2026-09-14T21:28:42.148Z","path":"/nb/bank/privat/lan/forbrukslan","step":"verify","ok":true}
{"t":"2026-09-14T21:28:43.831Z","path":"/nb/bank/privat/lan/lanekalkulator","step":"verify","ok":true}
{"t":"2026-09-14T21:28:47.256Z","path":"/nb/bank/privat/lan/refinansiering","step":"verify","ok":true}
{"t":"2026-09-14T21:28:47.608Z","path":"/nb/bank/privat/pensjon/egen-pensjonskonto","step":"verify","ok":true}
{"t":"2026-09-14T21:28:49.709Z","path":"/nb/bank/privat/sparing/spare-i-fond","step":"verify","ok":true}
{"t":"2026-09-14T21:28:53.639Z","path":"/nb/bank/privat/sparing/spare-pa-konto","step":"verify","ok":true}
{"t":"2026-09-14T21:28:53.748Z","path":"/nb/bank/privat/sparing/spare-til-barn","step":"verify","ok":true}
{"t":"2026-09-14T21:29:33.377Z","path":"/nb/bank/om-oss/vare-eksperter","step":"verify","ok":true}
{"t":"2026-09-14T21:29:33.435Z","path":"/nb/bank/privat/kundeservice/bestill/bli-kunde","step":"verify","ok":true}
{"t":"2026-09-14T21:29:33.686Z","path":"/nb/bank/privat/lan/gronne-lan","step":"verify","ok":true}
{"t":"2026-09-14T21:38:30.785Z","path":"/nb/bank/om-oss/vare-eksperter","step":"verify","ok":true}
{"t":"2026-09-14T21:40:04.672Z","path":"/nb/bank/om-oss/vare-eksperter","step":"verify","ok":true}
{"t":"2026-09-14T21:41:48.014Z","path":"/nb/bank/bedrift/bedriftsforsikring/bransjer/borettslag-sameie","step":"verify","ok":true}
{"t":"2026-09-14T21:41:48.195Z","path":"/nb/bank/om-oss/investor","step":"verify","ok":true}
{"t":"2026-09-14T21:41:48.290Z","path":"/nb/bank/bedrift/bedriftsforsikring","step":"verify","ok":true}
{"t":"2026-09-14T21:41:52.716Z","path":"/nb/bank/om-oss/personvern/generelle-vilkar","step":"verify","ok":true}
{"t":"2026-09-14T21:41:52.718Z","path":"/nb/bank/om-oss/om-banken/selskapsinformasjon","step":"verify","ok":true}
{"t":"2026-09-14T21:41:53.099Z","path":"/nb/bank/om-oss/jobb-og-karriere","step":"verify","ok":true}
{"t":"2026-09-14T21:41:57.921Z","path":"/nb/bank/om-oss/personvern","step":"verify","ok":true}
{"t":"2026-09-14T21:41:58.182Z","path":"/nb/bank/om-oss/samfunnsansvar","step":"verify","ok":true}
{"t":"2026-09-14T21:41:58.580Z","path":"/nb/bank/om-oss/presse","step":"verify","ok":true}
{"t":"2026-09-14T21:42:02.188Z","path":"/nb/bank/om-oss/selskaper","step":"verify","ok":true}
{"t":"2026-09-14T21:42:04.151Z","path":"/nb/bank/privat/forsikring/hvilke-forsikringer-trenger-man","step":"verify","ok":true}
{"t":"2026-09-14T21:42:04.446Z","path":"/nb/bank/privat/daglig-bruk/kredittkort/netthandel-kredittkort","step":"verify","ok":true}
{"t":"2026-09-14T21:42:08.718Z","path":"/nb/bank/privat/sparing/markedsnytt","step":"verify","ok":true}
{"t":"2026-09-14T21:55:05.873Z","path":"/nb/bank/bedrift/konto/bedriftskonto","step":"verify","ok":true}
{"t":"2026-09-14T21:55:05.920Z","path":"/nb/bank/bedrift/bedriftskort/kredittkort","step":"verify","ok":true}
{"t":"2026-09-14T21:55:06.151Z","path":"/nb/bank/bedrift/lan-finansiering/bedriftslan","step":"verify","ok":true}
{"t":"2026-09-14T21:55:11.186Z","path":"/nb/bank/bedrift/lan-finansiering/leasing","step":"verify","ok":true}
{"t":"2026-09-14T21:55:11.242Z","path":"/nb/bank/bedrift/lan-finansiering/kassekreditt","step":"verify","ok":true}
{"t":"2026-09-14T21:55:12.077Z","path":"/nb/bank/privat/daglig-bruk/bankkort","step":"verify","ok":true}
{"t":"2026-09-14T21:55:17.641Z","path":"/nb/bank/privat/forsikring/barneforsikring","step":"verify","ok":true}
{"t":"2026-09-14T21:55:18.617Z","path":"/nb/bank/privat/daglig-bruk/kredittkort","step":"verify","ok":true}
{"t":"2026-09-14T21:55:19.831Z","path":"/nb/bank/privat/forsikring/bilforsikring","step":"verify","ok":true}
{"t":"2026-09-14T21:55:24.268Z","path":"/nb/bank/privat/forsikring/innboforsikring","step":"verify","ok":true}
{"t":"2026-09-14T21:55:25.415Z","path":"/nb/bank/privat/kundeservice/bestill/bli-kunde","step":"verify","ok":true}
{"t":"2026-09-14T21:55:25.903Z","path":"/nb/bank/privat/forsikring/reiseforsikring","step":"verify","ok":true}
{"t":"2026-09-14T21:55:30.390Z","path":"/nb/bank/privat/lan/billan","step":"verify","ok":true}
{"t":"2026-09-14T21:55:31.207Z","path":"/nb/bank/privat/pensjon/egen-pensjonskonto","step":"verify","ok":true}
{"t":"2026-09-14T21:55:32.444Z","path":"/nb/bank/privat/private-banking","step":"verify","ok":true}
{"t":"2026-09-15T08:22:03.662Z","path":"/nb/bank/bedrift/betaling","step":"put","status":401,"text":""}
{"t":"2026-09-15T08:22:03.662Z","path":"/nb/bank/bedrift/daglig-drift","step":"put","status":401,"text":""}
{"t":"2026-09-15T08:22:03.663Z","path":"/nb/bank/bedrift/bedriftskort","step":"put","status":401,"text":""}
{"t":"2026-09-15T08:22:03.692Z","path":"/nb/bank/bedrift/pensjon","step":"put","status":401,"text":""}
{"t":"2026-09-15T08:22:03.693Z","path":"/nb/bank/bedrift/konto","step":"put","status":401,"text":""}
{"t":"2026-09-15T08:22:03.701Z","path":"/nb/bank/bedrift/lan-finansiering","step":"put","status":401,"text":""}
{"t":"2026-09-15T08:22:03.724Z","path":"/nb/bank/bedrift/sparing-investering","step":"put","status":401,"text":""}
{"t":"2026-09-15T08:22:03.728Z","path":"/nb/bank/bedrift/regnskap","step":"put","status":401,"text":""}
{"t":"2026-09-15T08:22:03.739Z","path":"/nb/bank/bedrift/starte-bedrift","step":"put","status":401,"text":""}
{"t":"2026-09-15T08:22:03.759Z","path":"/nb/bank/bedrift/tips-og-rad","step":"put","status":401,"text":""}
{"t":"2026-09-15T08:22:03.765Z","path":"/nb/bank/privat/daglig-bruk","step":"put","status":401,"text":""}
{"t":"2026-09-15T08:22:03.781Z","path":"/nb/bank/privat/eiendom","step":"put","status":401,"text":""}
{"t":"2026-09-15T08:22:03.801Z","path":"/nb/bank/privat/forsikring","step":"put","status":401,"text":""}
{"t":"2026-09-15T08:22:03.806Z","path":"/nb/bank/privat/lofavor","step":"put","status":401,"text":""}
{"t":"2026-09-15T08:22:03.822Z","path":"/nb/bank/privat/pensjon","step":"put","status":401,"text":""}
{"t":"2026-09-15T08:22:03.842Z","path":"/nb/bank/privat/private-banking","step":"put","status":401,"text":""}
{"t":"2026-09-15T08:22:03.844Z","path":"/nb/bank/privat/sparing","step":"put","status":401,"text":""}
{"t":"2026-09-15T08:22:03.856Z","path":"/nb/bank/privat/svindel","step":"put","status":401,"text":""}
{"t":"2026-09-15T08:22:03.872Z","path":"/nb/bank/privat/tips-og-rad","step":"put","status":401,"text":""}
